2026-04-13 07:19:00 [INFO] ============================================================
2026-04-13 07:19:00 [INFO] Scheduler de trading démarré
2026-04-13 07:19:00 [INFO] Mode: PAPER | Port: 7497
2026-04-13 07:19:00 [INFO] Dry-run: True
2026-04-13 07:19:00 [INFO] Planning :
2026-04-13 07:19:00 [INFO]   09:20 → Prise de position
2026-04-13 07:19:00 [INFO]   16:15 → Synchronisation journal IB
2026-04-13 07:19:00 [INFO]   16:30 → Mise à jour données US
2026-04-13 07:19:00 [INFO]   16:45 → Mise à jour données Canada
2026-04-13 07:19:00 [INFO] ============================================================
2026-04-13 07:19:12 [INFO] Scheduler arrêté par l'utilisateur (Ctrl+C)
2026-04-13 09:00:00 [INFO] ============================================================
2026-04-13 09:00:00 [INFO] Scheduler de trading démarré
2026-04-13 09:00:00 [INFO] Mode: PAPER | Port: 7497
2026-04-13 09:00:00 [INFO] Dry-run: False
2026-04-13 09:00:00 [INFO] Planning :
2026-04-13 09:00:00 [INFO]   09:20 → Prise de position
2026-04-13 09:00:00 [INFO]   16:15 → Synchronisation journal IB
2026-04-13 09:00:00 [INFO]   16:30 → Mise à jour données US
2026-04-13 09:00:00 [INFO]   16:45 → Mise à jour données Canada
2026-04-13 09:00:00 [INFO] ============================================================
2026-04-13 09:20:02 [INFO] --- Prise de position (09:20) ---
2026-04-13 09:20:02 [INFO] Port IB utilisé: 7497 (paper)
2026-04-13 09:20:02 [INFO] >>> Lancement: C:\Users\drako\anaconda3\python.EXE D:\QuantProjects\ib_trading_bot\src\app\trading.py
2026-04-13 09:20:23 [ERROR] Tâche 'trading' échouée (code 1)
2026-04-13 09:20:23 [WARNING] Tâche 'trading' échouée, elle ne sera pas relancée automatiquement.
2026-04-13 16:15:43 [INFO] --- Synchronisation journal IB (16:15) ---
2026-04-13 16:16:06 [INFO] >>> Lancement: C:\Users\drako\anaconda3\python.EXE D:\QuantProjects\ib_trading_bot\src\app\live_journal.py sync --port 7497
2026-04-13 16:19:31 [INFO] Tâche 'journal_sync' terminée avec succès (code 0)
2026-04-13 16:30:01 [INFO] --- Mise à jour données US (16:30) ---
2026-04-13 16:30:01 [INFO] >>> Lancement: C:\Users\drako\anaconda3\python.EXE D:\QuantProjects\ib_trading_bot\src\app\database\update_historical_data.py
2026-04-13 17:00:02 [ERROR] Tâche 'update_us' : timeout (30 min dépassé)
2026-04-13 17:00:02 [WARNING] Tâche 'update_us' échouée, elle ne sera pas relancée automatiquement.
2026-04-13 17:00:32 [INFO] --- Mise à jour données Canada (16:45) ---
2026-04-13 17:00:32 [INFO] >>> Lancement: C:\Users\drako\anaconda3\python.EXE D:\QuantProjects\ib_trading_bot\src\app\database\update_canada_data.py
2026-04-13 17:30:35 [ERROR] Tâche 'update_canada' : timeout (30 min dépassé)
2026-04-13 17:30:35 [WARNING] Tâche 'update_canada' échouée, elle ne sera pas relancée automatiquement.
2026-04-13 17:30:35 [INFO] Toutes les tâches du jour terminées. Prochain cycle demain à 09h00 (dans 15h59m)
