2026-04-27 09:03:16 [INFO] ============================================================
2026-04-27 09:03:16 [INFO] Scheduler de trading démarré
2026-04-27 09:03:16 [INFO] Mode: PAPER | Port: 7497
2026-04-27 09:03:16 [INFO] Dry-run: False
2026-04-27 09:03:16 [INFO] Planning :
2026-04-27 09:03:16 [INFO]   09:20 → Prise de position
2026-04-27 09:03:16 [INFO]   10:00 → Surveillance des stops (boucle jusqu'à 16h) [arrière-plan]
2026-04-27 09:03:16 [INFO]   16:15 → Synchronisation journal IB
2026-04-27 09:03:16 [INFO]   16:30 → Mise à jour données US
2026-04-27 09:03:16 [INFO]   16:45 → Mise à jour données Canada
2026-04-27 09:03:16 [INFO] ============================================================
2026-04-27 09:20:16 [INFO] --- Prise de position (09:20) ---
2026-04-27 09:20:16 [INFO] Port IB utilisé: 7497 (paper)
2026-04-27 09:20:16 [INFO] >>> Lancement: D:\QuantProjects\ib_trading_bot\.venv\Scripts\python.exe D:\QuantProjects\ib_trading_bot\src\app\trading.py
2026-04-27 09:20:16 [INFO] Répertoire de travail: D:\QuantProjects\ib_trading_bot\src\app
2026-04-27 09:21:42 [ERROR] Tâche 'trading' échouée (code 3221226505)
2026-04-27 09:21:42 [WARNING] Tâche 'trading' échouée, elle ne sera pas relancée automatiquement.
2026-04-27 10:00:13 [INFO] --- Surveillance des stops (boucle jusqu'à 16h) (10:00) ---
2026-04-27 10:08:12 [INFO] >>> Lancement: D:\QuantProjects\ib_trading_bot\.venv\Scripts\python.exe D:\QuantProjects\ib_trading_bot\src\app\stop_manager.py --port 7497
2026-04-27 10:08:12 [INFO] Répertoire de travail: D:\QuantProjects\ib_trading_bot\src\app
2026-04-27 10:08:12 [INFO] Tâche 'stop_monitor' lancée en arrière-plan
2026-04-27 16:15:17 [INFO] --- Synchronisation journal IB (16:15) ---
2026-04-27 16:15:17 [INFO] >>> Lancement: D:\QuantProjects\ib_trading_bot\.venv\Scripts\python.exe D:\QuantProjects\ib_trading_bot\src\app\live_journal.py sync --port 7497
2026-04-27 16:15:17 [INFO] Répertoire de travail: D:\QuantProjects\ib_trading_bot\src\app
2026-04-27 16:15:20 [INFO] Tâche 'journal_sync' terminée avec succès (code 0)
2026-04-27 16:30:20 [INFO] --- Mise à jour données US (16:30) ---
2026-04-27 16:30:20 [INFO] >>> Lancement: D:\QuantProjects\ib_trading_bot\.venv\Scripts\python.exe D:\QuantProjects\ib_trading_bot\src\app\database\update_historical_data.py
2026-04-27 16:30:20 [INFO] Répertoire de travail: D:\QuantProjects\ib_trading_bot
2026-04-27 17:00:21 [ERROR] Tâche 'update_us' : timeout (30 min dépassé)
2026-04-27 17:00:21 [WARNING] Tâche 'update_us' échouée, elle ne sera pas relancée automatiquement.
2026-04-27 17:00:51 [INFO] --- Mise à jour données Canada (16:45) ---
2026-04-27 17:00:51 [INFO] >>> Lancement: D:\QuantProjects\ib_trading_bot\.venv\Scripts\python.exe D:\QuantProjects\ib_trading_bot\src\app\database\update_canada_data.py
2026-04-27 17:00:51 [INFO] Répertoire de travail: D:\QuantProjects\ib_trading_bot
2026-04-27 17:09:58 [ERROR] Tâche 'update_canada' échouée (code 1)
2026-04-27 17:09:58 [WARNING] Tâche 'update_canada' échouée, elle ne sera pas relancée automatiquement.
2026-04-27 17:09:58 [INFO] Toutes les tâches du jour terminées. Prochain cycle demain à 09h00 (dans 15h59m)
